MAP
    NAME "MedSal"
    STATUS ON
    #SIZE 9040 7731
    #EXTENT 103986.57 3850796.18 1007945.14 4623933.00
    #UNITS meters
    PROJECTION
        "init=epsg:4326"
    END
    CONFIG MS_ERRORFILE "/var/log/mapserver/medsalgis.log"

    OUTPUTFORMAT
      NAME "geojson"
      DRIVER OGR/GEOJSON
      MIMETYPE "application/json; subtype=geojson"
      FORMATOPTION "STORAGE=stream"
      FORMATOPTION "FORM=SIMPLE"
      FORMATOPTION "LCO:RFC7946=YES"
    END
    OUTPUTFORMAT
      NAME "png"
      DRIVER AGG/PNG
      MIMETYPE "image/png"
      IMAGEMODE RGBA
      EXTENSION "png"
      FORMATOPTION "GAMMA=0.75"
    END
    OUTPUTFORMAT
      NAME "gif"
      DRIVER GD/GIF
      MIMETYPE "image/gif"
      IMAGEMODE PC256
      EXTENSION "gif"
    END
    OUTPUTFORMAT
      NAME "png8"
      DRIVER AGG/PNG8
      MIMETYPE "image/png; mode=8bit"
      IMAGEMODE RGBA
      EXTENSION "png"
      FORMATOPTION "QUANTIZE_FORCE=on"
      FORMATOPTION "QUANTIZE_COLORS=256"
      FORMATOPTION "GAMMA=0.75"
    END
    OUTPUTFORMAT
      NAME "jpeg"
      DRIVER AGG/JPEG
      MIMETYPE "image/jpeg"
      IMAGEMODE RGB
      EXTENSION "jpg"
      FORMATOPTION "GAMMA=0.75"
    END
    OUTPUTFORMAT
      NAME "svg"
      DRIVER CAIRO/SVG
      MIMETYPE "image/svg+xml"
      IMAGEMODE RGBA
      EXTENSION "svg"
    END
    OUTPUTFORMAT
      NAME "pdf"
      DRIVER CAIRO/PDF
      MIMETYPE "application/x-pdf"
      IMAGEMODE RGBA
      EXTENSION "pdf"
    END
    OUTPUTFORMAT
      NAME "GTiff"
      DRIVER GDAL/GTiff
      MIMETYPE "image/tiff"
      IMAGEMODE RGBA
      EXTENSION "tif"
    END
    OUTPUTFORMAT
        NAME GEOTIFF_16
        DRIVER "GDAL/GTiff"
        MIMETYPE "image/tiff"
        IMAGEMODE FLOAT32
        EXTENSION "tif"
    END
    OUTPUTFORMAT
      NAME "cairopng"
      DRIVER CAIRO/PNG
      MIMETYPE "image/png"
      IMAGEMODE RGBA
      EXTENSION "png"
    END

    WEB
        IMAGEPATH "/var/cache/mapserver/"
        IMAGEURL "/mapserver_tmp/"
        METADATA
            "wms_title" "MEDSAL"
            "wms_onlineresource" "https://openmedsal.eu/cgi-bin/mapserv?map=/opt/enhydris-openmedsal/enhydris-medsalgis/mapserver/medsalgis.map&"
            "wms_srs" "EPSG:4326 EPSG:3857"
            "wms_enable_request" "*"
            "wms_feature_info_mime_type" "text/html"

            "wfs_title" "MEDSAL"
            "wfs_onlineresource" "https://openmedsal.eu/cgi-bin/mapserv?map=/opt/enhydris-openmedsal/enhydris-medsalgis/mapserver/medsalgis.map&"
            "wfs_srs" "EPSG:2100 EPSG:3857"
            "wfs_enable_request" "*"
        END
    END

    LAYER
        NAME "DrainageBasins06"
        TYPE POLYGON
        CONNECTIONTYPE OGR
        CONNECTION "/var/lib/mapserver/medsal/circum_med_hybas_lev_06_100km.gml"
        METADATA
            "wms_title" "Drainage basins level 6"
            "wfs_title" "Drainage basins level 6"
            "gml_include_items" "all"
            "gml_featureid" "id"
        END
        STATUS ON
        PROJECTION
            "init=epsg:4326"
        END
        CLASS
            NAME "Drainage basins level 6"
            STYLE
                OUTLINECOLOR 0 102 255
                OPACITY 100
                WIDTH 2
            END
        END
    END

    LAYER
        NAME "DrainageBasins07"
        TYPE POLYGON
        CONNECTIONTYPE OGR
        CONNECTION "/var/lib/mapserver/medsal/circum_med_hybas_lev_07_100km.gml"
        METADATA
            "wms_title" "Drainage basins level 7"
            "wfs_title" "Drainage basins level 7"
            "gml_include_items" "all"
            "gml_featureid" "id"
        END
        STATUS ON
        PROJECTION
            "init=epsg:4326"
        END
        CLASS
            NAME "Drainage basins level 7"
            STYLE
                OUTLINECOLOR 0 102 255
                OPACITY 100
                WIDTH 2
            END
        END
    END

    LAYER
        NAME "Watercourses"
        TYPE LINE
        CONNECTIONTYPE OGR
        CONNECTION "/var/lib/mapserver/medsal/circum_med_hydrorivers_v10.gml"
        METADATA
            "wms_title" "Watercourses"
            "wfs_title" "Watercourses"
            "gml_include_items" "all"
            "gml_featureid" "id"
        END
        STATUS ON
        PROJECTION
            "init=epsg:4326"
        END
        CLASS
            NAME "Watercourses"
            STYLE
                OUTLINECOLOR 51 204 255
                OPACITY 100
            END
        END
    END

    LAYER
        NAME "StandingWaters"
        TYPE POLYGON
        CONNECTIONTYPE OGR
        CONNECTION "/var/lib/mapserver/medsal/circum_med_hydrolakes.gml"
        METADATA
            "wms_title" "Standing waters"
            "wfs_title" "Standing waters"
            "gml_include_items" "all"
            "gml_featureid" "id"
        END
        STATUS ON
        PROJECTION
            "init=epsg:4326"
        END
        CLASS
            NAME "Standing waters"
            STYLE
                OUTLINECOLOR 51 204 255
                COLOR 51 204 255
                OPACITY 50
                WIDTH 1
            END
        END
    END
END
